line profiling: sample.interval=20000
#File 1: /Users/matthewkling/Documents/cap/analogs/analogs/R/find_analogs.R
#File 2: /Users/matthewkling/Documents/cap/analogs/analogs/R/analog_velocity.R
"as.vector" "as.data.frame.matrix" "as.data.frame" "data.frame" ".makeDataFrame" ".local" "readValues" "readValues" ".local" "values" "values" "data.frame" "cbind" "cbind" ".local" "terra::as.data.frame" "standardGeneric" "terra::as.data.frame" 1#565 ".format_data" 1#291 "find_analogs" 2#75 "analog_velocity" 
".Call" 1#349 "find_analogs" 2#75 "analog_velocity" 
".Call" 1#349 "find_analogs" 2#75 "analog_velocity" 
".Call" 1#349 "find_analogs" 2#75 "analog_velocity" 
".Call" 1#349 "find_analogs" 2#75 "analog_velocity" 
".Call" 1#349 "find_analogs" 2#75 "analog_velocity" 
".Call" 1#349 "find_analogs" 2#75 "analog_velocity" 
".Call" 1#349 "find_analogs" 2#75 "analog_velocity" 
".Call" 1#349 "find_analogs" 2#75 "analog_velocity" 
".Call" 1#349 "find_analogs" 2#75 "analog_velocity" 
".Call" 1#349 "find_analogs" 2#75 "analog_velocity" 
".Call" 1#349 "find_analogs" 2#75 "analog_velocity" 
".Call" 1#349 "find_analogs" 2#75 "analog_velocity" 
".Call" 1#349 "find_analogs" 2#75 "analog_velocity" 
".Call" 1#349 "find_analogs" 2#75 "analog_velocity" 
".Call" 1#349 "find_analogs" 2#75 "analog_velocity" 
".Call" 1#349 "find_analogs" 2#75 "analog_velocity" 
".Call" 1#349 "find_analogs" 2#75 "analog_velocity" 
".Call" 1#349 "find_analogs" 2#75 "analog_velocity" 
".Call" 1#349 "find_analogs" 2#75 "analog_velocity" 
".Call" 1#349 "find_analogs" 2#75 "analog_velocity" 
".Call" 1#349 "find_analogs" 2#75 "analog_velocity" 
".Call" 1#349 "find_analogs" 2#75 "analog_velocity" 
".Call" 1#349 "find_analogs" 2#75 "analog_velocity" 
".Call" 1#349 "find_analogs" 2#75 "analog_velocity" 
".Call" 1#349 "find_analogs" 2#75 "analog_velocity" 
".Call" 1#349 "find_analogs" 2#75 "analog_velocity" 
".Call" 1#349 "find_analogs" 2#75 "analog_velocity" 
".Call" 1#349 "find_analogs" 2#75 "analog_velocity" 
".Call" 1#349 "find_analogs" 2#75 "analog_velocity" 
".Call" 1#349 "find_analogs" 2#75 "analog_velocity" 
".Call" 1#349 "find_analogs" 2#75 "analog_velocity" 
".Call" 1#349 "find_analogs" 2#75 "analog_velocity" 
".Call" 1#349 "find_analogs" 2#75 "analog_velocity" 
".Call" 1#349 "find_analogs" 2#75 "analog_velocity" 
".Call" 1#349 "find_analogs" 2#75 "analog_velocity" 
".Call" 1#349 "find_analogs" 2#75 "analog_velocity" 
".Call" 1#349 "find_analogs" 2#75 "analog_velocity" 
".Call" 1#349 "find_analogs" 2#75 "analog_velocity" 
".Call" 1#349 "find_analogs" 2#75 "analog_velocity" 
".Call" 1#349 "find_analogs" 2#75 "analog_velocity" 
".Call" 1#349 "find_analogs" 2#75 "analog_velocity" 
".Call" 1#349 "find_analogs" 2#75 "analog_velocity" 
".Call" 1#349 "find_analogs" 2#75 "analog_velocity" 
".Call" 1#349 "find_analogs" 2#75 "analog_velocity" 
".Call" 1#349 "find_analogs" 2#75 "analog_velocity" 
".Call" 1#349 "find_analogs" 2#75 "analog_velocity" 
".Call" 1#349 "find_analogs" 2#75 "analog_velocity" 
".Call" 1#349 "find_analogs" 2#75 "analog_velocity" 
".Call" 1#349 "find_analogs" 2#75 "analog_velocity" 
".Call" 1#349 "find_analogs" 2#75 "analog_velocity" 
".Call" 1#349 "find_analogs" 2#75 "analog_velocity" 
".Call" 1#349 "find_analogs" 2#75 "analog_velocity" 
".Call" 1#349 "find_analogs" 2#75 "analog_velocity" 
".Call" 1#349 "find_analogs" 2#75 "analog_velocity" 
".Call" 1#349 "find_analogs" 2#75 "analog_velocity" 
".Call" 1#349 "find_analogs" 2#75 "analog_velocity" 
".Call" 1#349 "find_analogs" 2#75 "analog_velocity" 
".Call" 1#349 "find_analogs" 2#75 "analog_velocity" 
".Call" 1#349 "find_analogs" 2#75 "analog_velocity" 
".Call" 1#349 "find_analogs" 2#75 "analog_velocity" 
".Call" 1#349 "find_analogs" 2#75 "analog_velocity" 
".Call" 1#349 "find_analogs" 2#75 "analog_velocity" 
".Call" 1#349 "find_analogs" 2#75 "analog_velocity" 
".Call" 1#349 "find_analogs" 2#75 "analog_velocity" 
#File 3: /Users/matthewkling/Documents/cap/analogs/analogs/R/RcppExports.R
"<Anonymous>" "do.call" "as.data.frame.list" "as.data.frame" "standardGeneric" "as.data.frame" ".Call" 3#17 ".emit_pairs_cpp" 1#370 "find_analogs" 2#75 "analog_velocity" 
